// Jest Snapshot v1, https://goo.gl/fbAQLP

exports[`DataTable.TableBody should render 1`] = `
<Table
  isSortable={false}
>
  <table
    className="bx--data-table bx--data-table--no-border"
  >
    <TableBody
      className="custom-class"
    >
      <tbody
        className="custom-class"
      />
    </TableBody>
  </table>
</Table>
`;
