// Jest Snapshot v1, https://goo.gl/fbAQLP

exports[`DataTable.TableColumnResizer should render 1`] = `
<TableColumnResizer
  colKey="aKey"
  headerRef={
    Object {
      "current": null,
    }
  }
>
  <div
    className="bx--table-header-resizer"
    onMouseDown={[Function]}
    role="separator"
  />
</TableColumnResizer>
`;
