// Jest Snapshot v1, https://goo.gl/fbAQLP

exports[`DataTable.TableToolbarSettingColumns should render - no columns defined 1`] = `
<ForwardRef
  translateWithId={[Function]}
>
  <ForwardRef
    title="Edit column"
  >
    <li
      className="bx--table-toolbar-menu__title"
      role="menuitem"
    >
      Edit column
    </li>
  </ForwardRef>
</ForwardRef>
`;
