// Jest Snapshot v1, https://goo.gl/fbAQLP

exports[`Public API should only change with a semver change 1`] = `
Map {
  "Accordion" => Object {
    "defaultProps": Object {
      "align": "end",
    },
    "propTypes": Object {
      "align": Object {
        "args": Array [
          Array [
            "start",
            "end",
          ],
        ],
        "type": "oneOf",
      },
      "children": Object {
        "type": "node",
      },
      "className": Object {
        "type": "string",
      },
    },
  },
  "AccordionItem" => Object {
    "propTypes": Object {
      "children": Object {
        "type": "node",
      },
      "className": Object {
        "type": "string",
      },
      "iconDescription": Object {
        "type": "string",
      },
      "onClick": Object {
        "type": "func",
      },
      "onHeadingClick": Object {
        "type": "func",
      },
      "open": Object {
        "type": "bool",
      },
      "renderExpando": Object {
        "type": "func",
      },
      "title": Object {
        "type": "node",
      },
    },
  },
  "Breadcrumb" => Object {
    "propTypes": Object {
      "aria-label": Object {
        "type": "string",
      },
      "children": Object {
        "type": "node",
      },
      "className": Object {
        "type": "string",
      },
      "noTrailingSlash": Object {
        "type": "bool",
      },
    },
  },
  "BreadcrumbItem" => Object {
    "propTypes": Object {
      "children": Object {
        "type": "node",
      },
      "className": Object {
        "type": "string",
      },
      "href": Object {
        "type": "string",
      },
      "isCurrentPage": Object {
        "type": "bool",
      },
    },
  },
  "Button" => Object {
    "$$typeof": Symbol(react.forward_ref),
    "defaultProps": Object {
      "disabled": false,
      "kind": "primary",
      "tabIndex": 0,
      "type": "button",
    },
    "propTypes": Object {
      "as": Object {
        "args": Array [
          Array [
            Object {
              "type": "func",
            },
            Object {
              "type": "string",
            },
            Object {
              "type": "elementType",
            },
          ],
        ],
        "type": "oneOfType",
      },
      "children": Object {
        "type": "node",
      },
      "className": Object {
        "type": "string",
      },
      "disabled": Object {
        "type": "bool",
      },
      "hasIconOnly": Object {
        "type": "bool",
      },
      "href": Object {
        "type": "string",
      },
      "iconDescription": [Function],
      "kind": Object {
        "args": Array [
          Array [
            "primary",
            "secondary",
            "danger",
            "ghost",
            "danger--primary",
            "tertiary",
          ],
        ],
        "isRequired": true,
        "type": "oneOf",
      },
      "renderIcon": Object {
        "args": Array [
          Array [
            Object {
              "type": "func",
            },
            Object {
              "type": "object",
            },
          ],
        ],
        "type": "oneOfType",
      },
      "role": Object {
        "type": "string",
      },
      "size": Object {
        "args": Array [
          Array [
            "default",
            "field",
            "small",
          ],
        ],
        "type": "oneOf",
      },
      "small": [Function],
      "tabIndex": Object {
        "type": "number",
      },
      "tooltipAlignment": Object {
        "args": Array [
          Array [
            "start",
            "center",
            "end",
          ],
        ],
        "type": "oneOf",
      },
      "tooltipPosition": Object {
        "args": Array [
          Array [
            "top",
            "right",
            "bottom",
            "left",
          ],
        ],
        "type": "oneOf",
      },
      "type": Object {
        "args": Array [
          Array [
            "button",
            "reset",
            "submit",
          ],
        ],
        "type": "oneOf",
      },
    },
    "render": [Function],
  },
  "Checkbox" => Object {
    "$$typeof": Symbol(react.forward_ref),
    "defaultProps": Object {
      "indeterminate": false,
      "onChange": [Function],
    },
    "displayName": "Checkbox",
    "propTypes": Object {
      "checked": Object {
        "type": "bool",
      },
      "className": Object {
        "type": "string",
      },
      "defaultChecked": Object {
        "type": "bool",
      },
      "disabled": Object {
        "type": "bool",
      },
      "hideLabel": Object {
        "type": "bool",
      },
      "id": Object {
        "isRequired": true,
        "type": "string",
      },
      "indeterminate": Object {
        "type": "bool",
      },
      "labelText": Object {
        "isRequired": true,
        "type": "node",
      },
      "onChange": Object {
        "type": "func",
      },
      "title": Object {
        "type": "string",
      },
      "wrapperClassName": Object {
        "type": "string",
      },
    },
    "render": [Function],
  },
  "CodeSnippet" => Object {
    "defaultProps": Object {
      "showLessText": "Show less",
      "showMoreText": "Show more",
      "type": "single",
    },
    "propTypes": Object {
      "ariaLabel": Object {
        "type": "string",
      },
      "children": Object {
        "type": "string",
      },
      "className": Object {
        "type": "string",
      },
      "copyButtonDescription": Object {
        "type": "string",
      },
      "copyLabel": Object {
        "type": "string",
      },
      "feedback": Object {
        "type": "string",
      },
      "light": Object {
        "type": "bool",
      },
      "onClick": Object {
        "type": "func",
      },
      "showLessText": Object {
        "type": "string",
      },
      "showMoreText": Object {
        "type": "string",
      },
      "type": Object {
        "args": Array [
          Array [
            "single",
            "inline",
            "multi",
          ],
        ],
        "type": "oneOf",
      },
    },
  },
  "ComboBox" => Object {
    "defaultProps": Object {
      "ariaLabel": "Choose an item",
      "disabled": false,
      "itemToElement": null,
      "itemToString": [Function],
      "light": false,
      "shouldFilterItem": [Function],
      "type": "default",
    },
    "propTypes": Object {
      "ariaLabel": Object {
        "type": "string",
      },
      "className": Object {
        "type": "string",
      },
      "disabled": Object {
        "type": "bool",
      },
      "downshiftProps": Object {
        "args": Array [
          Object {
            "breakingChanges": Object {
              "args": Array [
                Object {
                  "resetInputOnSelection": Object {
                    "type": "bool",
                  },
                },
              ],
              "type": "shape",
            },
            "children": Object {
              "type": "func",
            },
            "defaultHighlightedIndex": Object {
              "type": "number",
            },
            "defaultInputValue": Object {
              "type": "string",
            },
            "defaultIsOpen": Object {
              "type": "bool",
            },
            "defaultSelectedItem": Object {
              "type": "any",
            },
            "environment": Object {
              "args": Array [
                Object {
                  "addEventListener": Object {
                    "type": "func",
                  },
                  "document": Object {
                    "args": Array [
                      Object {
                        "activeElement": Object {
                          "type": "any",
                        },
                        "body": Object {
                          "type": "any",
                        },
                        "getElementById": Object {
                          "type": "func",
                        },
                      },
                    ],
                    "type": "shape",
                  },
                  "removeEventListener": Object {
                    "type": "func",
                  },
                },
              ],
              "type": "shape",
            },
            "getA11yStatusMessage": Object {
              "type": "func",
            },
            "highlightedIndex": Object {
              "type": "number",
            },
            "id": Object {
              "type": "string",
            },
            "inputValue": Object {
              "type": "string",
            },
            "isOpen": Object {
              "type": "bool",
            },
            "itemCount": Object {
              "type": "number",
            },
            "itemToString": Object {
              "type": "func",
            },
            "onChange": Object {
              "type": "func",
            },
            "onInputValueChange": Object {
              "type": "func",
            },
            "onOuterClick": Object {
              "type": "func",
            },
            "onSelect": Object {
              "type": "func",
            },
            "onStateChange": Object {
              "type": "func",
            },
            "onUserAction": Object {
              "type": "func",
            },
            "render": Object {
              "type": "func",
            },
            "selectedItem": Object {
              "type": "any",
            },
            "selectedItemChanged": Object {
              "type": "func",
            },
            "stateReducer": Object {
              "type": "func",
            },
          },
        ],
        "type": "shape",
      },
      "id": Object {
        "isRequired": true,
        "type": "string",
      },
      "initialSelectedItem": Object {
        "args": Array [
          Array [
            Object {
              "type": "object",
            },
            Object {
              "type": "string",
            },
          ],
        ],
        "type": "oneOfType",
      },
      "invalid": Object {
        "type": "bool",
      },
      "invalidText": Object {
        "type": "string",
      },
      "itemToElement": Object {
        "type": "func",
      },
      "itemToString": Object {
        "type": "func",
      },
      "items": Object {
        "isRequired": true,
        "type": "array",
      },
      "light": Object {
        "type": "bool",
      },
      "onChange": Object {
        "isRequired": true,
        "type": "func",
      },
      "onInputChange": Object {
        "type": "func",
      },
      "placeholder": Object {
        "isRequired": true,
        "type": "string",
      },
      "selectedItem": Object {
        "args": Array [
          Array [
            Object {
              "type": "object",
            },
            Object {
              "type": "string",
            },
          ],
        ],
        "type": "oneOfType",
      },
      "shouldFilterItem": Object {
        "type": "func",
      },
      "size": Object {
        "args": Array [
          Array [
            "sm",
            "xl",
          ],
        ],
        "type": "oneOf",
      },
      "translateWithId": Object {
        "type": "func",
      },
      "type": Object {
        "args": Array [
          Array [
            "default",
            "inline",
          ],
        ],
        "type": "oneOf",
      },
    },
  },
  "ComposedModal" => Object {
    "defaultProps": Object {
      "onKeyDown": [Function],
      "selectorPrimaryFocus": "[data-modal-primary-focus]",
    },
    "propTypes": Object {
      "className": Object {
        "type": "string",
      },
      "containerClassName": Object {
        "type": "string",
      },
      "onClose": Object {
        "type": "func",
      },
      "onKeyDown": Object {
        "type": "func",
      },
      "open": Object {
        "type": "bool",
      },
      "selectorPrimaryFocus": Object {
        "type": "string",
      },
      "size": Object {
        "args": Array [
          Array [
            "xs",
            "sm",
            "lg",
          ],
        ],
        "type": "oneOf",
      },
    },
  },
  "ModalHeader" => Object {
    "defaultProps": Object {
      "buttonOnClick": [Function],
      "iconDescription": "Close",
    },
    "propTypes": Object {
      "buttonOnClick": Object {
        "type": "func",
      },
      "children": Object {
        "type": "node",
      },
      "className": Object {
        "type": "string",
      },
      "closeClassName": Object {
        "type": "string",
      },
      "closeIconClassName": Object {
        "type": "string",
      },
      "closeModal": Object {
        "type": "func",
      },
      "iconDescription": Object {
        "type": "string",
      },
      "label": Object {
        "type": "node",
      },
      "labelClassName": Object {
        "type": "string",
      },
      "title": Object {
        "type": "node",
      },
      "titleClassName": Object {
        "type": "string",
      },
    },
  },
  "ModalBody" => Object {
    "propTypes": Object {
      "aria-label": [Function],
      "className": Object {
        "type": "string",
      },
      "hasForm": Object {
        "type": "bool",
      },
      "hasScrollingContent": Object {
        "type": "bool",
      },
    },
  },
  "ModalFooter" => Object {
    "defaultProps": Object {
      "onRequestClose": [Function],
      "onRequestSubmit": [Function],
    },
    "propTypes": Object {
      "children": Object {
        "type": "node",
      },
      "className": Object {
        "type": "string",
      },
      "closeModal": Object {
        "type": "func",
      },
      "onRequestClose": Object {
        "type": "func",
      },
      "onRequestSubmit": Object {
        "type": "func",
      },
      "primaryButtonDisabled": Object {
        "type": "bool",
      },
      "primaryButtonText": Object {
        "type": "string",
      },
      "primaryClassName": Object {
        "type": "string",
      },
      "secondaryButtonText": Object {
        "type": "string",
      },
      "secondaryClassName": Object {
        "type": "string",
      },
    },
  },
  "ContentSwitcher" => Object {
    "defaultProps": Object {
      "selectedIndex": 0,
    },
    "propTypes": Object {
      "children": Object {
        "type": "node",
      },
      "className": Object {
        "type": "string",
      },
      "onChange": Object {
        "isRequired": true,
        "type": "func",
      },
      "selectedIndex": Object {
        "type": "number",
      },
    },
  },
  "Copy" => Object {
    "defaultProps": Object {
      "feedback": "Copied!",
      "feedbackTimeout": 2000,
      "onClick": [Function],
    },
    "propTypes": Object {
      "children": Object {
        "type": "node",
      },
      "className": Object {
        "type": "string",
      },
      "feedback": Object {
        "type": "string",
      },
      "feedbackTimeout": Object {
        "type": "number",
      },
      "onClick": Object {
        "type": "func",
      },
    },
  },
  "CopyButton" => Object {
    "defaultProps": Object {
      "feedback": "Copied!",
      "feedbackTimeout": 2000,
      "iconDescription": "Copy to clipboard",
      "onClick": [Function],
    },
    "propTypes": Object {
      "className": Object {
        "type": "string",
      },
      "feedback": Object {
        "type": "string",
      },
      "feedbackTimeout": Object {
        "type": "number",
      },
      "iconDescription": Object {
        "type": "string",
      },
      "onClick": Object {
        "type": "func",
      },
    },
  },
  "DangerButton" => Object {},
  "DataTable" => Object {
    "Table": Object {
      "defaultProps": Object {
        "isSortable": false,
      },
      "propTypes": Object {
        "className": Object {
          "type": "string",
        },
        "isSortable": Object {
          "type": "bool",
        },
        "shouldShowBorder": Object {
          "type": "bool",
        },
        "size": Object {
          "args": Array [
            Array [
              "compact",
              "short",
              "normal",
              "tall",
            ],
          ],
          "type": "oneOf",
        },
        "stickyHeader": Object {
          "type": "bool",
        },
        "useStaticWidth": Object {
          "type": "bool",
        },
        "useZebraStyles": Object {
          "type": "bool",
        },
      },
    },
    "TableActionList": Object {
      "displayName": "TableActionList",
      "propTypes": Object {
        "className": Object {
          "type": "string",
        },
      },
    },
    "TableBatchAction": Object {
      "defaultProps": Object {
        "renderIcon": Object {
          "$$typeof": Symbol(react.forward_ref),
          "render": [Function],
        },
      },
      "propTypes": Object {
        "hasIconOnly": Object {
          "type": "bool",
        },
        "iconDescription": [Function],
        "renderIcon": Object {
          "args": Array [
            Array [
              Object {
                "type": "func",
              },
              Object {
                "type": "object",
              },
            ],
          ],
          "type": "oneOfType",
        },
      },
    },
    "TableBatchActions": Object {
      "defaultProps": Object {
        "translateWithId": [Function],
      },
      "propTypes": Object {
        "children": Object {
          "type": "node",
        },
        "className": Object {
          "type": "string",
        },
        "onCancel": Object {
          "isRequired": true,
          "type": "func",
        },
        "shouldShowBatchActions": Object {
          "type": "bool",
        },
        "totalSelected": Object {
          "isRequired": true,
          "type": "number",
        },
        "translateWithId": Object {
          "type": "func",
        },
      },
      "translationKeys": Array [
        "carbon.table.batch.cancel",
        "carbon.table.batch.items.selected",
        "carbon.table.batch.item.selected",
      ],
    },
    "TableBody": Object {
      "defaultProps": Object {
        "aria-live": "polite",
      },
      "propTypes": Object {
        "aria-live": Object {
          "args": Array [
            Array [
              "polite",
              "assertive",
              "off",
            ],
          ],
          "type": "oneOf",
        },
        "children": Object {
          "type": "node",
        },
        "className": Object {
          "type": "string",
        },
      },
    },
    "TableCell": Object {
      "displayName": "TableCell",
      "propTypes": Object {
        "className": Object {
          "type": "string",
        },
      },
    },
    "TableContainer": Object {
      "propTypes": Object {
        "children": Object {
          "type": "node",
        },
        "className": Object {
          "type": "string",
        },
        "description": Object {
          "type": "node",
        },
        "title": Object {
          "type": "node",
        },
      },
    },
    "TableExpandHeader": Object {
      "propTypes": Object {
        "ariaLabel": Object {
          "isRequired": true,
          "type": "string",
        },
        "children": Object {
          "type": "node",
        },
        "className": Object {
          "type": "string",
        },
        "expandIconDescription": Object {
          "type": "string",
        },
        "isExpanded": Object {
          "isRequired": true,
          "type": "bool",
        },
        "onExpand": Object {
          "isRequired": true,
          "type": "func",
        },
      },
    },
    "TableExpandRow": Object {
      "defaultProps": Object {
        "expandHeader": "expand",
      },
      "propTypes": Object {
        "ariaLabel": Object {
          "isRequired": true,
          "type": "string",
        },
        "children": Object {
          "type": "node",
        },
        "className": Object {
          "type": "string",
        },
        "expandHeader": Object {
          "type": "string",
        },
        "expandIconDescription": Object {
          "type": "string",
        },
        "isExpanded": Object {
          "isRequired": true,
          "type": "bool",
        },
        "onExpand": Object {
          "isRequired": true,
          "type": "func",
        },
      },
    },
    "TableExpandedRow": Object {
      "propTypes": Object {
        "children": Object {
          "type": "node",
        },
        "className": Object {
          "type": "string",
        },
        "colSpan": Object {
          "isRequired": true,
          "type": "number",
        },
      },
    },
    "TableHead": Object {
      "displayName": "TableHead",
      "propTypes": Object {
        "className": Object {
          "type": "string",
        },
      },
    },
    "TableHeader": Object {
      "$$typeof": Symbol(react.forward_ref),
      "defaultProps": Object {
        "isSortable": false,
        "scope": "col",
        "translateWithId": [Function],
      },
      "displayName": "TableHeader",
      "propTypes": Object {
        "children": Object {
          "type": "node",
        },
        "className": Object {
          "type": "string",
        },
        "colSpan": Object {
          "type": "number",
        },
        "isSortHeader": Object {
          "type": "bool",
        },
        "isSortable": Object {
          "type": "bool",
        },
        "onClick": Object {
          "type": "func",
        },
        "scope": Object {
          "isRequired": true,
          "type": "string",
        },
        "sortDirection": Object {
          "args": Array [
            Array [
              "NONE",
              "DESC",
              "ASC",
            ],
          ],
          "type": "oneOf",
        },
        "translateWithId": Object {
          "type": "func",
        },
      },
      "render": [Function],
      "translationKeys": Array [
        "carbon.table.header.icon.description",
      ],
    },
    "TableRow": Object {
      "propTypes": Object {
        "className": Object {
          "type": "string",
        },
      },
    },
    "TableSelectAll": Object {
      "defaultProps": Object {
        "ariaLabel": "Select all rows in the table",
      },
      "propTypes": Object {
        "ariaLabel": Object {
          "isRequired": true,
          "type": "string",
        },
        "checked": Object {
          "isRequired": true,
          "type": "bool",
        },
        "className": Object {
          "type": "string",
        },
        "id": Object {
          "isRequired": true,
          "type": "string",
        },
        "indeterminate": Object {
          "type": "bool",
        },
        "name": Object {
          "isRequired": true,
          "type": "string",
        },
        "onSelect": Object {
          "isRequired": true,
          "type": "func",
        },
        "tooltipText": Object {
          "type": "string",
        },
      },
    },
    "TableSelectRow": Object {
      "propTypes": Object {
        "ariaLabel": Object {
          "isRequired": true,
          "type": "string",
        },
        "checked": Object {
          "isRequired": true,
          "type": "bool",
        },
        "className": Object {
          "type": "string",
        },
        "disabled": Object {
          "type": "bool",
        },
        "id": Object {
          "isRequired": true,
          "type": "string",
        },
        "name": Object {
          "isRequired": true,
          "type": "string",
        },
        "onSelect": Object {
          "isRequired": true,
          "type": "func",
        },
        "radio": Object {
          "type": "bool",
        },
      },
    },
    "TableToolbar": Object {
      "defaultProps": Object {
        "aria-label": "data table toolbar",
      },
      "propTypes": Object {
        "aria-label": [Function],
        "aria-labelledby": [Function],
        "children": Object {
          "type": "node",
        },
        "size": Object {
          "args": Array [
            Array [
              "small",
              "normal",
            ],
          ],
          "type": "oneOf",
        },
      },
    },
    "TableToolbarAction": Object {
      "$$typeof": Symbol(react.forward_ref),
      "displayName": "TableToolbarAction",
      "propTypes": Object {
        "children": Object {
          "type": "node",
        },
        "className": Object {
          "type": "string",
        },
        "onClick": Object {
          "isRequired": true,
          "type": "func",
        },
      },
      "render": [Function],
    },
    "TableToolbarContent": Object {
      "displayName": "TableToolbarContent",
      "propTypes": Object {
        "className": Object {
          "type": "string",
        },
      },
    },
    "TableToolbarMenu": Object {
      "defaultProps": Object {
        "iconDescription": "Settings",
        "renderIcon": Object {
          "$$typeof": Symbol(react.forward_ref),
          "render": [Function],
        },
      },
      "propTypes": Object {
        "children": Object {
          "isRequired": true,
          "type": "node",
        },
        "className": Object {
          "type": "string",
        },
        "iconDescription": Object {
          "isRequired": true,
          "type": "string",
        },
        "renderIcon": Object {
          "args": Array [
            Array [
              Object {
                "type": "func",
              },
              Object {
                "type": "object",
              },
            ],
          ],
          "type": "oneOfType",
        },
      },
    },
    "TableToolbarSearch": Object {
      "defaultProps": Object {
        "persistent": false,
        "tabIndex": "0",
        "translateWithId": [Function],
      },
      "propTypes": Object {
        "children": Object {
          "type": "node",
        },
        "className": Object {
          "type": "string",
        },
        "defaultValue": Object {
          "type": "string",
        },
        "id": Object {
          "type": "string",
        },
        "labelText": Object {
          "type": "string",
        },
        "onChange": Object {
          "type": "func",
        },
        "persistant": [Function],
        "persistent": Object {
          "type": "bool",
        },
        "placeHolderText": Object {
          "type": "string",
        },
        "searchContainerClasses": Object {
          "type": "string",
        },
        "tabIndex": Object {
          "args": Array [
            Array [
              Object {
                "type": "number",
              },
              Object {
                "type": "string",
              },
            ],
          ],
          "type": "oneOfType",
        },
        "translateWithId": Object {
          "isRequired": true,
          "type": "func",
        },
      },
    },
    "defaultProps": Object {
      "filterRows": [Function],
      "locale": "en",
      "size": "normal",
      "sortRow": [Function],
      "translateWithId": [Function],
    },
    "propTypes": Object {
      "filterRows": Object {
        "type": "func",
      },
      "headers": Object {
        "args": Array [
          Object {
            "args": Array [
              Object {
                "header": Object {
                  "isRequired": true,
                  "type": "node",
                },
                "key": Object {
                  "isRequired": true,
                  "type": "string",
                },
              },
            ],
            "type": "shape",
          },
        ],
        "isRequired": true,
        "type": "arrayOf",
      },
      "isSortable": Object {
        "type": "bool",
      },
      "locale": Object {
        "type": "string",
      },
      "radio": Object {
        "type": "bool",
      },
      "rows": Object {
        "args": Array [
          Object {
            "args": Array [
              Object {
                "disabled": Object {
                  "type": "bool",
                },
                "id": Object {
                  "isRequired": true,
                  "typ
