// Jest Snapshot v1, https://goo.gl/fbAQLP

exports[`MultiSelect should render 1`] = `
<MultiSelect
  compareItems={[Function]}
  disabled={false}
  id="test-multiselect"
  initialSelectedItems={Array []}
  itemToString={[Function]}
  items={
    Array [
      Object {
        "id": "id-0",
        "label": "Item 0",
        "value": 0,
      },
      Object {
        "id": "id-1",
        "label": "Item 1",
        "value": 1,
      },
      Object {
        "id": "id-2",
        "label": "Item 2",
        "value": 2,
      },
      Object {
        "id": "id-3",
        "label": "Item 3",
        "value": 3,
      },
      Object {
        "id": "id-4",
        "label": "Item 4",
        "value": 4,
      },
    ]
  }
  label="Field"
  light={false}
  locale="en"
  open={false}
  selectionFeedback="top-after-reopen"
  sortItems={[Function]}
  title={false}
  type="default"
>
  <div
    className="bx--multi-select__wrapper bx--list-box__wrapper"
  >
    <ListBox
      className="bx--multi-select"
      disabled={false}
      id="test-multiselect"
      isOpen={false}
      light={false}
      type="default"
    >
      <div
        className="bx--multi-select bx--list-box"
        id="test-multiselect"
        onClick={[Function]}
        onKeyDown={[Function]}
      >
        <button
          aria-disabled={false}
          aria-expanded={false}
          aria-haspopup="listbox"
          aria-labelledby="downshift-0-label downshift-0-toggle-button"
          className="bx--list-box__field"
          disabled={false}
          id="downshift-0-toggle-button"
          onClick={[Function]}
          onKeyDown={[Function]}
        >
          <span
            className="bx--list-box__label"
            id="multiselect-field-label-1"
          >
            Field
          </span>
          <ListBoxMenuIcon
            isOpen={false}
            translateWithId={[Function]}
          >
            <div
              className="bx--list-box__menu-icon"
            >
              <ForwardRef(ChevronDown16)
                aria-label="Open menu"
                name="chevron--down"
              >
                <Icon
                  aria-label="Open menu"
                  height={16}
                  name="chevron--down"
                  preserveAspectRatio="xMidYMid meet"
                  viewBox="0 0 16 16"
                  width={16}
                  xmlns="http://www.w3.org/2000/svg"
                >
                  <svg
                    aria-label="Open menu"
                    focusable="false"
                    height={16}
                    name="chevron--down"
                    preserveAspectRatio="xMidYMid meet"
                    role="img"
                    style={
                      Object {
                        "willChange": "transform",
                      }
                    }
                    viewBox="0 0 16 16"
                    width={16}
                    xmlns="http://www.w3.org/2000/svg"
                  >
                    <path
                      d="M8 11L3 6 3.7 5.3 8 9.6 12.3 5.3 13 6z"
                    />
                    <title>
                      Open menu
                    </title>
                  </svg>
                </Icon>
              </ForwardRef(ChevronDown16)>
            </div>
          </ListBoxMenuIcon>
        </button>
        <ListBoxMenu
          aria-labelledby="downshift-0-label"
          aria-multiselectable="true"
          id="downshift-0-menu"
          onBlur={[Function]}
          onKeyDown={[Function]}
          onMouseLeave={[Function]}
          role="listbox"
          tabIndex={-1}
        >
          <div
            aria-labelledby="downshift-0-label"
            aria-multiselectable="true"
            className="bx--list-box__menu"
            id="downshift-0-menu"
            onBlur={[Function]}
            onKeyDown={[Function]}
            onMouseLeave={[Function]}
            role="listbox"
            tabIndex={-1}
          />
        </ListBoxMenu>
      </div>
    </ListBox>
  </div>
</MultiSelect>
`;
